0.252,{"type": "FIRST_CELL_REVEAL", "data": {"row": 4, "col": 4, "seed": 1967888143}}
0.001,{"type": "CELL_REVEAL", "data": {"row": 4, "col": 4}}
0.627,{"type": "TOGGLE_FLAG", "data": {"row": 4, "col": 6}}
0.523,{"type": "TOGGLE_FLAG", "data": {"row": 1, "col": 8}}
0.127,{"type": "TOGGLE_FLAG", "data": {"row": 1, "col": 8}}
0.374,{"type": "TOGGLE_FLAG", "data": {"row": 1, "col": 8}}
1.005,{"type": "TOGGLE_FLAG", "data": {"row": 0, "col": 7}}
0.469,{"type": "CHORD_PRESS", "data": {"row": 1, "col": 7}}
0.094,{"type": "CHORD_RELEASE", "data": {"row": 1, "col": 7}}
0.002,{"type": "CHORD_CLICK", "data": {"row": 1, "col": 7}}
0.001,{"type": "CELL_REVEAL", "data": {"row": 0, "col": 8}}
0.847,{"type": "TOGGLE_FLAG", "data": {"row": 1, "col": 3}}
0.235,{"type": "CHORD_PRESS", "data": {"row": 2, "col": 3}}
0.087,{"type": "CHORD_RELEASE", "data": {"row": 2, "col": 3}}
0.004,{"type": "CHORD_CLICK", "data": {"row": 2, "col": 3}}
0.000,{"type": "CELL_REVEAL", "data": {"row": 1, "col": 2}}
0.196,{"type": "CHORD_PRESS", "data": {"row": 1, "col": 2}}
0.099,{"type": "CHORD_RELEASE", "data": {"row": 1, "col": 2}}
0.003,{"type": "CHORD_CLICK", "data": {"row": 1, "col": 2}}
0.000,{"type": "CELL_REVEAL", "data": {"row": 0, "col": 1}}
0.004,{"type": "CELL_REVEAL", "data": {"row": 0, "col": 3}}
0.002,{"type": "CELL_REVEAL", "data": {"row": 2, "col": 1}}
0.977,{"type": "TOGGLE_FLAG", "data": {"row": 2, "col": 0}}
0.226,{"type": "CHORD_PRESS", "data": {"row": 2, "col": 1}}
0.100,{"type": "CHORD_RELEASE", "data": {"row": 2, "col": 1}}
0.002,{"type": "CHORD_CLICK", "data": {"row": 2, "col": 1}}
0.001,{"type": "CELL_REVEAL", "data": {"row": 3, "col": 0}}
0.004,{"type": "CELL_REVEAL", "data": {"row": 3, "col": 1}}
0.687,{"type": "TOGGLE_FLAG", "data": {"row": 4, "col": 1}}
0.414,{"type": "CHORD_PRESS", "data": {"row": 3, "col": 1}}
0.089,{"type": "CHORD_RELEASE", "data": {"row": 3, "col": 1}}
0.002,{"type": "CHORD_CLICK", "data": {"row": 3, "col": 1}}
0.001,{"type": "CELL_REVEAL", "data": {"row": 4, "col": 0}}
3.192,{"type": "TOGGLE_FLAG", "data": {"row": 8, "col": 3}}
0.289,{"type": "CHORD_PRESS", "data": {"row": 7, "col": 2}}
0.096,{"type": "CHORD_RELEASE", "data": {"row": 7, "col": 2}}
0.002,{"type": "CHORD_CLICK", "data": {"row": 7, "col": 2}}
0.001,{"type": "CELL_REVEAL", "data": {"row": 8, "col": 1}}
0.002,{"type": "CELL_REVEAL", "data": {"row": 8, "col": 2}}
3.569,{"type": "TOGGLE_FLAG", "data": {"row": 5, "col": 0}}
1.210,{"type": "CHORD_PRESS", "data": {"row": 5, "col": 1}}
0.097,{"type": "CHORD_RELEASE", "data": {"row": 5, "col": 1}}
0.003,{"type": "CHORD_CLICK", "data": {"row": 5, "col": 1}}
0.000,{"type": "CELL_REVEAL", "data": {"row": 6, "col": 0}}
0.889,{"type": "TOGGLE_FLAG", "data": {"row": 7, "col": 0}}
0.336,{"type": "CHORD_PRESS", "data": {"row": 7, "col": 1}}
0.079,{"type": "CHORD_RELEASE", "data": {"row": 7, "col": 1}}
0.003,{"type": "CHORD_CLICK", "data": {"row": 7, "col": 1}}
0.001,{"type": "CELL_REVEAL", "data": {"row": 8, "col": 0}}
0.898,{"type": "TOGGLE_FLAG", "data": {"row": 8, "col": 7}}
0.256,{"type": "CHORD_PRESS", "data": {"row": 7, "col": 8}}
0.096,{"type": "CHORD_RELEASE", "data": {"row": 7, "col": 8}}
0.002,{"type": "CHORD_CLICK", "data": {"row": 7, "col": 8}}
0.001,{"type": "CELL_REVEAL", "data": {"row": 8, "col": 8}}
0.003,{"type": "GAME_COMPLETE", "data": {"result": " \u5c0d\u65b9\u5b8c\u6210\u4e86!"}}
