0.000,{"type": "RESET", "data": {}}
0.000,{"type": "CHANGE_DIFFICULTY", "data": {"difficulty": "EASY"}}
2.996,{"type": "IMAGE", "data": {"image_path": "happy"}}
3.020,{"type": "CHANGE_DIFFICULTY", "data": {"difficulty": "NORMAL"}}
3.848,{"type": "READY_STATE", "data": {"state": true}}
0.001,遊戲即將開始...倒數3秒
1.000,遊戲即將開始...倒數2秒
1.001,遊戲即將開始...倒數1秒
1.012,開始!
1.630,{"type": "FIRST_CELL_REVEAL", "data": {"row": 8, "col": 7, "seed": 4145204340}}
0.002,{"type": "CELL_REVEAL", "data": {"row": 8, "col": 7}}
0.877,{"type": "TOGGLE_FLAG", "data": {"row": 12, "col": 5}}
0.253,{"type": "CHORD_PRESS", "data": {"row": 11, "col": 5}}
0.143,{"type": "CHORD_RELEASE", "data": {"row": 11, "col": 5}}
0.008,{"type": "CHORD_CLICK", "data": {"row": 11, "col": 5}}
0.001,{"type": "CELL_REVEAL", "data": {"row": 12, "col": 4}}
0.211,{"type": "CHORD_PRESS", "data": {"row": 12, "col": 4}}
0.084,{"type": "CHORD_RELEASE", "data": {"row": 12, "col": 4}}
0.010,{"type": "CHORD_CLICK", "data": {"row": 12, "col": 4}}
0.000,{"type": "CELL_REVEAL", "data": {"row": 12, "col": 3}}
0.007,{"type": "CELL_REVEAL", "data": {"row": 13, "col": 3}}
0.840,{"type": "TOGGLE_FLAG", "data": {"row": 15, "col": 4}}
0.257,{"type": "CHORD_PRESS", "data": {"row": 14, "col": 4}}
0.071,{"type": "CHORD_RELEASE", "data": {"row": 14, "col": 4}}
0.008,{"type": "CHORD_CLICK", "data": {"row": 14, "col": 4}}
0.000,{"type": "CELL_REVEAL", "data": {"row": 15, "col": 3}}
0.830,{"type": "TOGGLE_FLAG", "data": {"row": 15, "col": 2}}
2.269,{"type": "TOGGLE_FLAG", "data": {"row": 8, "col": 9}}
0.444,{"type": "TOGGLE_FLAG", "data": {"row": 10, "col": 10}}
0.276,{"type": "CHORD_PRESS", "data": {"row": 10, "col": 9}}
0.083,{"type": "CHORD_RELEASE", "data": {"row": 10, "col": 9}}
0.008,{"type": "CHORD_CLICK", "data": {"row": 10, "col": 9}}
0.000,{"type": "CELL_REVEAL", "data": {"row": 9, "col": 10}}
1.236,{"type": "TOGGLE_FLAG", "data": {"row": 8, "col": 10}}
1.532,{"type": "TOGGLE_FLAG", "data": {"row": 7, "col": 9}}
1.252,{"type": "TOGGLE_FLAG", "data": {"row": 6, "col": 8}}
0.716,{"type": "CHORD_PRESS", "data": {"row": 7, "col": 8}}
0.057,{"type": "CHORD_RELEASE", "data": {"row": 7, "col": 8}}
0.008,{"type": "CHORD_CLICK", "data": {"row": 7, "col": 8}}
0.000,{"type": "CELL_REVEAL", "data": {"row": 6, "col": 9}}
0.505,{"type": "CHORD_PRESS", "data": {"row": 6, "col": 9}}
0.078,{"type": "CHORD_RELEASE", "data": {"row": 6, "col": 9}}
0.007,{"type": "CHORD_CLICK", "data": {"row": 6, "col": 9}}
0.001,{"type": "CELL_REVEAL", "data": {"row": 5, "col": 8}}
0.006,{"type": "CELL_REVEAL", "data": {"row": 5, "col": 9}}
0.009,{"type": "CELL_REVEAL", "data": {"row": 5, "col": 10}}
0.007,{"type": "CELL_REVEAL", "data": {"row": 6, "col": 10}}
0.009,{"type": "CELL_REVEAL", "data": {"row": 7, "col": 10}}
2.107,{"type": "TOGGLE_FLAG", "data": {"row": 14, "col": 12}}
0.294,{"type": "CHORD_PRESS", "data": {"row": 14, "col": 11}}
0.076,{"type": "CHORD_RELEASE", "data": {"row": 14, "col": 11}}
0.008,{"type": "CHORD_CLICK", "data": {"row": 14, "col": 11}}
0.001,{"type": "CELL_REVEAL", "data": {"row": 15, "col": 12}}
2.522,{"type": "TOGGLE_FLAG", "data": {"row": 10, "col": 11}}
0.287,{"type": "CHORD_PRESS", "data": {"row": 11, "col": 11}}
0.077,{"type": "CHORD_RELEASE", "data": {"row": 11, "col": 11}}
0.007,{"type": "CHORD_CLICK", "data": {"row": 11, "col": 11}}
0.000,{"type": "CELL_REVEAL", "data": {"row": 10, "col": 12}}
4.421,{"type": "TOGGLE_FLAG", "data": {"row": 8, "col": 10}}
0.173,{"type": "TOGGLE_FLAG", "data": {"row": 8, "col": 9}}
0.176,{"type": "TOGGLE_FLAG", "data": {"row": 7, "col": 9}}
1.071,{"type": "TOGGLE_FLAG", "data": {"row": 9, "col": 9}}
0.325,{"type": "TOGGLE_FLAG", "data": {"row": 8, "col": 9}}
1.297,{"type": "CHORD_PRESS", "data": {"row": 9, "col": 9}}
0.082,{"type": "CHORD_RELEASE", "data": {"row": 9, "col": 9}}
0.008,{"type": "CHORD_CLICK", "data": {"row": 9, "col": 9}}
0.000,{"type": "CELL_REVEAL", "data": {"row": 8, "col": 10}}
2.123,{"type": "TOGGLE_FLAG", "data": {"row": 7, "col": 9}}
4.008,{"type": "TOGGLE_FLAG", "data": {"row": 11, "col": 2}}
8.564,{"type": "CHORD_PRESS", "data": {"row": 9, "col": 10}}
0.103,{"type": "CHORD_RELEASE", "data": {"row": 9, "col": 10}}
0.008,{"type": "CHORD_CLICK", "data": {"row": 9, "col": 10}}
0.000,{"type": "CELL_REVEAL", "data": {"row": 8, "col": 11}}
0.007,{"type": "CELL_REVEAL", "data": {"row": 9, "col": 11}}
1.587,{"type": "TOGGLE_FLAG", "data": {"row": 7, "col": 11}}
0.499,{"type": "CHORD_PRESS", "data": {"row": 7, "col": 10}}
0.087,{"type": "CHORD_RELEASE", "data": {"row": 7, "col": 10}}
0.007,{"type": "CHORD_CLICK", "data": {"row": 7, "col": 10}}
0.000,{"type": "CELL_REVEAL", "data": {"row": 6, "col": 11}}
0.510,{"type": "CHORD_PRESS", "data": {"row": 6, "col": 11}}
0.100,{"type": "CHORD_RELEASE", "data": {"row": 6, "col": 11}}
0.008,{"type": "CHORD_CLICK", "data": {"row": 6, "col": 11}}
0.000,{"type": "CELL_REVEAL", "data": {"row": 5, "col": 11}}
0.009,{"type": "CELL_REVEAL", "data": {"row": 5, "col": 12}}
1.382,{"type": "TOGGLE_FLAG", "data": {"row": 7, "col": 15}}
0.388,{"type": "CHORD_PRESS", "data": {"row": 8, "col": 14}}
0.079,{"type": "CHORD_RELEASE", "data": {"row": 8, "col": 14}}
0.007,{"type": "CHORD_CLICK", "data": {"row": 8, "col": 14}}
0.000,{"type": "CELL_REVEAL", "data": {"row": 8, "col": 15}}
0.009,{"type": "CELL_REVEAL", "data": {"row": 9, "col": 15}}
2.002,{"type": "TOGGLE_FLAG", "data": {"row": 10, "col": 13}}
2.873,{"type": "TOGGLE_FLAG", "data": {"row": 10, "col": 14}}
0.317,{"type": "CHORD_PRESS", "data": {"row": 9, "col": 14}}
0.097,{"type": "CHORD_RELEASE", "data": {"row": 9, "col": 14}}
0.009,{"type": "CHORD_CLICK", "data": {"row": 9, "col": 14}}
0.001,{"type": "CELL_REVEAL", "data": {"row": 10, "col": 15}}
0.312,{"type": "CHORD_PRESS", "data": {"row": 10, "col": 15}}
0.066,{"type": "CHORD_RELEASE", "data": {"row": 10, "col": 15}}
0.009,{"type": "CHORD_CLICK", "data": {"row": 10, "col": 15}}
0.000,{"type": "CELL_REVEAL", "data": {"row": 11, "col": 14}}
0.010,{"type": "CELL_REVEAL", "data": {"row": 11, "col": 15}}
1.415,{"type": "CHORD_PRESS", "data": {"row": 11, "col": 12}}
0.080,{"type": "CHORD_RELEASE", "data": {"row": 11, "col": 12}}
0.010,{"type": "CHORD_CLICK", "data": {"row": 11, "col": 12}}
0.000,{"type": "CELL_REVEAL", "data": {"row": 11, "col": 13}}
0.006,{"type": "CELL_REVEAL", "data": {"row": 12, "col": 13}}
1.346,{"type": "TOGGLE_FLAG", "data": {"row": 12, "col": 14}}
2.281,{"type": "TOGGLE_FLAG", "data": {"row": 13, "col": 13}}
1.200,{"type": "TOGGLE_FLAG", "data": {"row": 13, "col": 14}}
0.766,{"type": "CHORD_PRESS", "data": {"row": 12, "col": 13}}
0.081,{"type": "CHORD_RELEASE", "data": {"row": 12, "col": 13}}
0.010,{"type": "CHORD_CLICK", "data": {"row": 12, "col": 13}}
0.480,{"type": "CHORD_PRESS", "data": {"row": 13, "col": 12}}
0.106,{"type": "CHORD_RELEASE", "data": {"row": 13, "col": 12}}
0.009,{"type": "CHORD_CLICK", "data": {"row": 13, "col": 12}}
0.000,{"type": "CELL_REVEAL", "data": {"row": 14, "col": 13}}
1.792,{"type": "TOGGLE_FLAG", "data": {"row": 15, "col": 13}}
0.396,{"type": "CHORD_PRESS", "data": {"row": 14, "col": 13}}
0.107,{"type": "CHORD_RELEASE", "data": {"row": 14, "col": 13}}
0.009,{"type": "CHORD_CLICK", "data": {"row": 14, "col": 13}}
0.001,{"type": "CELL_REVEAL", "data": {"row": 14, "col": 14}}
0.010,{"type": "CELL_REVEAL", "data": {"row": 15, "col": 14}}
2.943,{"type": "TOGGLE_FLAG", "data": {"row": 12, "col": 15}}
0.894,{"type": "TOGGLE_FLAG", "data": {"row": 12, "col": 15}}
0.353,{"type": "CHORD_PRESS", "data": {"row": 11, "col": 14}}
0.075,{"type": "CHORD_RELEASE", "data": {"row": 11, "col": 14}}
0.008,{"type": "CHORD_CLICK", "data": {"row": 11, "col": 14}}
0.001,{"type": "CELL_REVEAL", "data": {"row": 12, "col": 15}}
0.381,{"type": "CHORD_PRESS", "data": {"row": 12, "col": 15}}
0.092,{"type": "CHORD_RELEASE", "data": {"row": 12, "col": 15}}
0.008,{"type": "CHORD_CLICK", "data": {"row": 12, "col": 15}}
0.000,{"type": "CELL_REVEAL", "data": {"row": 13, "col": 15}}
1.459,{"type": "CHORD_PRESS", "data": {"row": 13, "col": 15}}
0.089,{"type": "CHORD_RELEASE", "data": {"row": 13, "col": 15}}
0.008,{"type": "CHORD_CLICK", "data": {"row": 13, "col": 15}}
0.001,{"type": "CELL_REVEAL", "data": {"row": 14, "col": 15}}
1.375,{"type": "CHORD_PRESS", "data": {"row": 14, "col": 14}}
0.101,{"type": "CHORD_RELEASE", "data": {"row": 14, "col": 14}}
0.007,{"type": "CHORD_CLICK", "data": {"row": 14, "col": 14}}
0.000,{"type": "CELL_REVEAL", "data": {"row": 15, "col": 15}}
3.847,{"type": "TOGGLE_FLAG", "data": {"row": 10, "col": 2}}
0.329,{"type": "CHORD_PRESS", "data": {"row": 10, "col": 3}}
0.069,{"type": "CHORD_RELEASE", "data": {"row": 10, "col": 3}}
0.006,{"type": "CHORD_CLICK", "data": {"row": 10, "col": 3}}
0.000,{"type": "CELL_REVEAL", "data": {"row": 9, "col": 2}}
1.625,{"type": "TOGGLE_FLAG", "data": {"row": 8, "col": 2}}
2.318,{"type": "CHORD_PRESS", "data": {"row": 9, "col": 2}}
0.068,{"type": "CHORD_RELEASE", "data": {"row": 9, "col": 2}}
0.009,{"type": "CHORD_CLICK", "data": {"row": 9, "col": 2}}
0.000,{"type": "CELL_REVEAL", "data": {"row": 8, "col": 1}}
0.011,{"type": "CELL_REVEAL", "data": {"row": 9, "col": 1}}
0.006,{"type": "CELL_REVEAL", "data": {"row": 10, "col": 1}}
1.200,{"type": "CHORD_PRESS", "data": {"row": 9, "col": 1}}
0.083,{"type": "CHORD_RELEASE", "data": {"row": 9, "col": 1}}
0.007,{"type": "CHORD_CLICK", "data": {"row": 9, "col": 1}}
0.000,{"type": "CELL_REVEAL", "data": {"row": 8, "col": 0}}
2.202,{"type": "TOGGLE_FLAG", "data": {"row": 13, "col": 1}}
0.880,{"type": "CHORD_PRESS", "data": {"row": 12, "col": 0}}
0.106,{"type": "CHORD_RELEASE", "data": {"row": 12, "col": 0}}
0.007,{"type": "CHORD_CLICK", "data": {"row": 12, "col": 0}}
0.001,{"type": "CELL_REVEAL", "data": {"row": 13, "col": 0}}
0.590,{"type": "CHORD_PRESS", "data": {"row": 13, "col": 0}}
0.074,{"type": "CHORD_RELEASE", "data": {"row": 13, "col": 0}}
0.009,{"type": "CHORD_CLICK", "data": {"row": 13, "col": 0}}
0.000,{"type": "CELL_REVEAL", "data": {"row": 14, "col": 0}}
0.007,{"type": "CELL_REVEAL", "data": {"row": 14, "col": 1}}
2.937,{"type": "CHORD_PRESS", "data": {"row": 14, "col": 1}}
0.071,{"type": "CHORD_RELEASE", "data": {"row": 14, "col": 1}}
0.007,{"type": "CHORD_CLICK", "data": {"row": 14, "col": 1}}
0.000,{"type": "CELL_REVEAL", "data": {"row": 15, "col": 0}}
2.688,{"type": "TOGGLE_FLAG", "data": {"row": 7, "col": 2}}
0.333,{"type": "CHORD_PRESS", "data": {"row": 7, "col": 1}}
0.096,{"type": "CHORD_RELEASE", "data": {"row": 7, "col": 1}}
0.010,{"type": "CHORD_CLICK", "data": {"row": 7, "col": 1}}
0.000,{"type": "CELL_REVEAL", "data": {"row": 6, "col": 2}}
1.097,{"type": "TOGGLE_FLAG", "data": {"row": 5, "col": 2}}
0.684,{"type": "TOGGLE_FLAG", "data": {"row": 5, "col": 2}}
0.221,{"type": "CHORD_PRESS", "data": {"row": 6, "col": 1}}
0.089,{"type": "CHORD_RELEASE", "data": {"row": 6, "col": 1}}
0.007,{"type": "CHORD_CLICK", "data": {"row": 6, "col": 1}}
0.000,{"type": "CELL_REVEAL", "data": {"row": 5, "col": 2}}
3.131,{"type": "TOGGLE_FLAG", "data": {"row": 4, "col": 10}}
0.300,{"type": "CHORD_PRESS", "data": {"row": 5, "col": 11}}
0.102,{"type": "CHORD_RELEASE", "data": {"row": 5, "col": 11}}
0.007,{"type": "CHORD_CLICK", "data": {"row": 5, "col": 11}}
0.273,{"type": "CHORD_PRESS", "data": {"row": 5, "col": 10}}
0.070,{"type": "CHORD_RELEASE", "data": {"row": 5, "col": 10}}
0.006,{"type": "CHORD_CLICK", "data": {"row": 5, "col": 10}}
0.000,{"type": "CELL_REVEAL", "data": {"row": 4, "col": 9}}
1.103,{"type": "CHORD_PRESS", "data": {"row": 5, "col": 9}}
0.086,{"type": "CHORD_RELEASE", "data": {"row": 5, "col": 9}}
0.007,{"type": "CHORD_CLICK", "data": {"row": 5, "col": 9}}
0.000,{"type": "CELL_REVEAL", "data": {"row": 4, "col": 8}}
0.904,{"type": "CHORD_PRESS", "data": {"row": 5, "col": 8}}
0.093,{"type": "CHORD_RELEASE", "data": {"row": 5, "col": 8}}
0.008,{"type": "CHORD_CLICK", "data": {"row": 5, "col": 8}}
0.000,{"type": "CELL_REVEAL", "data": {"row": 4, "col": 7}}
1.223,{"type": "TOGGLE_FLAG", "data": {"row": 4, "col": 5}}
0.322,{"type": "CHORD_PRESS", "data": {"row": 3, "col": 5}}
0.090,{"type": "CHORD_RELEASE", "data": {"row": 3, "col": 5}}
0.007,{"type": "CHORD_CLICK", "data": {"row": 3, "col": 5}}
0.001,{"type": "CELL_REVEAL", "data": {"row": 2, "col": 4}}
0.006,{"type": "CELL_REVEAL", "data": {"row": 3, "col": 4}}
0.009,{"type": "CELL_REVEAL", "data": {"row": 4, "col": 4}}
0.972,{"type": "TOGGLE_FLAG", "data": {"row": 4, "col": 3}}
1.661,{"type": "TOGGLE_FLAG", "data": {"row": 4, "col": 2}}
2.216,{"type": "TOGGLE_FLAG", "data": {"row": 4, "col": 1}}
0.328,{"type": "CHORD_PRESS", "data": {"row": 5, "col": 1}}
0.083,{"type": "CHORD_RELEASE", "data": {"row": 5, "col": 1}}
0.007,{"type": "CHORD_CLICK", "data": {"row": 5, "col": 1}}
0.000,{"type": "CELL_REVEAL", "data": {"row": 4, "col": 0}}
3.382,{"type": "TOGGLE_FLAG", "data": {"row": 3, "col": 3}}
0.312,{"type": "CHORD_PRESS", "data": {"row": 3, "col": 4}}
0.056,{"type": "CHORD_RELEASE", "data": {"row": 3, "col": 4}}
0.011,{"type": "CHORD_CLICK", "data": {"row": 3, "col": 4}}
0.000,{"type": "CELL_REVEAL", "data": {"row": 2, "col": 3}}
3.112,{"type": "TOGGLE_FLAG", "data": {"row": 1, "col": 4}}
0.415,{"type": "CHORD_PRESS", "data": {"row": 2, "col": 4}}
0.073,{"type": "CHORD_RELEASE", "data": {"row": 2, "col": 4}}
0.011,{"type": "CHORD_CLICK", "data": {"row": 2, "col": 4}}
0.000,{"type": "CELL_REVEAL", "data": {"row": 1, "col": 3}}
2.847,{"type": "TOGGLE_FLAG", "data": {"row": 1, "col": 8}}
2.647,{"type": "TOGGLE_FLAG", "data": {"row": 3, "col": 9}}
0.377,{"type": "CHORD_PRESS", "data": {"row": 3, "col": 8}}
0.083,{"type": "CHORD_RELEASE", "data": {"row": 3, "col": 8}}
0.011,{"type": "CHORD_CLICK", "data": {"row": 3, "col": 8}}
0.000,{"type": "CELL_REVEAL", "data": {"row": 2, "col": 9}}
4.249,{"type": "IMAGE", "data": {"image_path": "happy"}}
1.860,{"type": "TOGGLE_FLAG", "data": {"row": 3, "col": 12}}
0.266,{"type": "CHORD_PRESS", "data": {"row": 4, "col": 12}}
0.092,{"type": "CHORD_RELEASE", "data": {"row": 4, "col": 12}}
0.007,{"type": "CHORD_CLICK", "data": {"row": 4, "col": 12}}
0.001,{"type": "CELL_REVEAL", "data": {"row": 3, "col": 11}}
0.291,{"type": "CHORD_PRESS", "data": {"row": 3, "col": 11}}
0.065,{"type": "CHORD_RELEASE", "data": {"row": 3, "col": 11}}
0.008,{"type": "CHORD_CLICK", "data": {"row": 3, "col": 11}}
0.000,{"type": "CELL_REVEAL", "data": {"row": 2, "col": 10}}
0.008,{"type": "CELL_REVEAL", "data": {"row": 2, "col": 11}}
0.009,{"type": "CELL_REVEAL", "data": {"row": 2, "col": 12}}
0.010,{"type": "CELL_REVEAL", "data": {"row": 3, "col": 10}}
2.791,{"type": "CHORD_PRESS", "data": {"row": 3, "col": 13}}
0.085,{"type": "CHORD_RELEASE", "data": {"row": 3, "col": 13}}
0.012,{"type": "CHORD_CLICK", "data": {"row": 3, "col": 13}}
0.000,{"type": "CELL_REVEAL", "data": {"row": 2, "col": 13}}
0.007,{"type": "CELL_REVEAL", "data": {"row": 2, "col": 14}}
1.033,{"type": "TOGGLE_FLAG", "data": {"row": 2, "col": 15}}
3.556,{"type": "CHORD_PRESS", "data": {"row": 2, "col": 8}}
0.095,{"type": "CHORD_RELEASE", "data": {"row": 2, "col": 8}}
0.010,{"type": "CHORD_CLICK", "data": {"row": 2, "col": 8}}
0.000,{"type": "CELL_REVEAL", "data": {"row": 1, "col": 9}}
0.946,{"type": "CHORD_PRESS", "data": {"row": 2, "col": 9}}
0.091,{"type": "CHORD_RELEASE", "data": {"row": 2, "col": 9}}
0.009,{"type": "CHORD_CLICK", "data": {"row": 2, "col": 9}}
0.000,{"type": "CELL_REVEAL", "data": {"row": 1, "col": 10}}
2.086,{"type": "CHORD_PRESS", "data": {"row": 1, "col": 9}}
0.061,{"type": "CHORD_RELEASE", "data": {"row": 1, "col": 9}}
0.007,{"type": "CHORD_CLICK", "data": {"row": 1, "col": 9}}
0.000,{"type": "CELL_REVEAL", "data": {"row": 0, "col": 8}}
0.407,{"type": "CHORD_PRESS", "data": {"row": 0, "col": 8}}
0.093,{"type": "CHORD_RELEASE", "data": {"row": 0, "col": 8}}
0.010,{"type": "CHORD_CLICK", "data": {"row": 0, "col": 8}}
0.000,{"type": "CELL_REVEAL", "data": {"row": 0, "col": 7}}
1.027,{"type": "TOGGLE_FLAG", "data": {"row": 0, "col": 6}}
0.241,{"type": "CHORD_PRESS", "data": {"row": 1, "col": 6}}
0.083,{"type": "CHORD_RELEASE", "data": {"row": 1, "col": 6}}
0.007,{"type": "CHORD_CLICK", "data": {"row": 1, "col": 6}}
0.000,{"type": "CELL_REVEAL", "data": {"row": 0, "col": 5}}
0.966,{"type": "CHORD_PRESS", "data": {"row": 1, "col": 5}}
0.071,{"type": "CHORD_RELEASE", "data": {"row": 1, "col": 5}}
0.014,{"type": "CHORD_CLICK", "data": {"row": 1, "col": 5}}
0.000,{"type": "CELL_REVEAL", "data": {"row": 0, "col": 4}}
2.511,{"type": "IMAGE", "data": {"image_path": "cry"}}
7.486,{"type": "TOGGLE_FLAG", "data": {"row": 3, "col": 0}}
0.180,{"type": "TOGGLE_FLAG", "data": {"row": 3, "col": 1}}
6.460,{"type": "IMAGE", "data": {"image_path": "shock"}}
3.908,{"type": "CHORD_PRESS", "data": {"row": 2, "col": 4}}
0.084,{"type": "CHORD_RELEASE", "data": {"row": 2, "col": 4}}
0.009,{"type": "CHORD_CLICK", "data": {"row": 2, "col": 4}}
0.854,{"type": "CHORD_PRESS", "data": {"row": 0, "col": 4}}
0.090,{"type": "CHORD_RELEASE", "data": {"row": 0, "col": 4}}
0.006,{"type": "CHORD_CLICK", "data": {"row": 0, "col": 4}}
0.000,{"type": "CELL_REVEAL", "data": {"row": 0, "col": 3}}
0.347,{"type": "CHORD_PRESS", "data": {"row": 0, "col": 3}}
0.070,{"type": "CHORD_RELEASE", "data": {"row": 0, "col": 3}}
0.007,{"type": "CHORD_CLICK", "data": {"row": 0, "col": 3}}
0.000,{"type": "CELL_REVEAL", "data": {"row": 0, "col": 2}}
1.556,{"type": "TOGGLE_FLAG", "data": {"row": 2, "col": 2}}
0.349,{"type": "CHORD_PRESS", "data": {"row": 1, "col": 2}}
0.120,{"type": "CHORD_RELEASE", "data": {"row": 1, "col": 2}}
0.007,{"type": "CHORD_CLICK", "data": {"row": 1, "col": 2}}
0.000,{"type": "CELL_REVEAL", "data": {"row": 2, "col": 1}}
0.310,{"type": "CHORD_PRESS", "data": {"row": 2, "col": 1}}
0.091,{"type": "CHORD_RELEASE", "data": {"row": 2, "col": 1}}
0.006,{"type": "CHORD_CLICK", "data": {"row": 2, "col": 1}}
0.000,{"type": "CELL_REVEAL", "data": {"row": 1, "col": 0}}
0.007,{"type": "CELL_REVEAL", "data": {"row": 2, "col": 0}}
0.009,{"type": "CELL_REVEAL", "data": {"row": 3, "col": 2}}
2.837,{"type": "TOGGLE_FLAG", "data": {"row": 0, "col": 0}}
2.131,{"type": "TOGGLE_FLAG", "data": {"row": 1, "col": 12}}
0.485,{"type": "CHORD_PRESS", "data": {"row": 1, "col": 11}}
0.076,{"type": "CHORD_RELEASE", "data": {"row": 1, "col": 11}}
0.009,{"type": "CHORD_CLICK", "data": {"row": 1, "col": 11}}
0.000,{"type": "CELL_REVEAL", "data": {"row": 0, "col": 12}}
0.578,{"type": "CHORD_PRESS", "data": {"row": 0, "col": 12}}
0.086,{"type": "CHORD_RELEASE", "data": {"row": 0, "col": 12}}
0.007,{"type": "CHORD_CLICK", "data": {"row": 0, "col": 12}}
0.000,{"type": "CELL_REVEAL", "data": {"row": 0, "col": 13}}
0.007,{"type": "CELL_REVEAL", "data": {"row": 1, "col": 13}}
1.133,{"type": "CHORD_PRESS", "data": {"row": 2, "col": 13}}
0.069,{"type": "CHORD_RELEASE", "data": {"row": 2, "col": 13}}
0.007,{"type": "CHORD_CLICK", "data": {"row": 2, "col": 13}}
0.000,{"type": "CELL_REVEAL", "data": {"row": 1, "col": 14}}
0.887,{"type": "CHORD_PRESS", "data": {"row": 1, "col": 13}}
0.106,{"type": "CHORD_RELEASE", "data": {"row": 1, "col": 13}}
0.008,{"type": "CHORD_CLICK", "data": {"row": 1, "col": 13}}
0.000,{"type": "CELL_REVEAL", "data": {"row": 0, "col": 14}}
2.605,{"type": "TOGGLE_FLAG", "data": {"row": 1, "col": 15}}
0.344,{"type": "CHORD_PRESS", "data": {"row": 1, "col": 14}}
0.113,{"type": "CHORD_RELEASE", "data": {"row": 1, "col": 14}}
0.008,{"type": "CHORD_CLICK", "data": {"row": 1, "col": 14}}
0.000,{"type": "CELL_REVEAL", "data": {"row": 0, "col": 15}}
0.007,{"type": "GAME_COMPLETE", "data": {"result": " \u5c0d\u65b9\u5b8c\u6210\u4e86!"}}
5.469,{"type": "IMAGE", "data": {"image_path": "cry"}}
