0.000,{"type": "CHANGE_DIFFICULTY", "data": {"difficulty": "EASY"}}
5.409,{"type": "READY_STATE", "data": {"state": true}}
5.031,{"type": "FIRST_CELL_REVEAL", "data": {"row": 7, "col": 7, "seed": 1798128740}}
0.001,{"type": "CELL_REVEAL", "data": {"row": 7, "col": 7}}
1.284,{"type": "TOGGLE_FLAG", "data": {"row": 12, "col": 0}}
0.937,{"type": "TOGGLE_FLAG", "data": {"row": 12, "col": 4}}
2.358,{"type": "TOGGLE_FLAG", "data": {"row": 10, "col": 4}}
0.231,{"type": "TOGGLE_FLAG", "data": {"row": 11, "col": 4}}
1.995,{"type": "CHORD_PRESS", "data": {"row": 9, "col": 4}}
0.087,{"type": "CHORD_RELEASE", "data": {"row": 9, "col": 4}}
0.006,{"type": "CHORD_CLICK", "data": {"row": 9, "col": 4}}
0.000,{"type": "CELL_REVEAL", "data": {"row": 10, "col": 5}}
1.314,{"type": "TOGGLE_FLAG", "data": {"row": 10, "col": 6}}
0.264,{"type": "CHORD_PRESS", "data": {"row": 11, "col": 6}}
0.088,{"type": "CHORD_RELEASE", "data": {"row": 11, "col": 6}}
0.008,{"type": "CHORD_CLICK", "data": {"row": 11, "col": 6}}
0.000,{"type": "CELL_REVEAL", "data": {"row": 10, "col": 7}}
1.109,{"type": "TOGGLE_FLAG", "data": {"row": 13, "col": 8}}
0.277,{"type": "CHORD_PRESS", "data": {"row": 13, "col": 7}}
0.099,{"type": "CHORD_RELEASE", "data": {"row": 13, "col": 7}}
0.008,{"type": "CHORD_CLICK", "data": {"row": 13, "col": 7}}
0.000,{"type": "CELL_REVEAL", "data": {"row": 12, "col": 8}}
1.268,{"type": "CHORD_PRESS", "data": {"row": 12, "col": 7}}
0.084,{"type": "CHORD_RELEASE", "data": {"row": 12, "col": 7}}
0.008,{"type": "CHORD_CLICK", "data": {"row": 12, "col": 7}}
0.000,{"type": "CELL_REVEAL", "data": {"row": 11, "col": 8}}
1.230,{"type": "CHORD_PRESS", "data": {"row": 11, "col": 7}}
0.079,{"type": "CHORD_RELEASE", "data": {"row": 11, "col": 7}}
0.006,{"type": "CHORD_CLICK", "data": {"row": 11, "col": 7}}
0.001,{"type": "CELL_REVEAL", "data": {"row": 10, "col": 8}}
2.958,{"type": "TOGGLE_FLAG", "data": {"row": 13, "col": 10}}
0.383,{"type": "CHORD_PRESS", "data": {"row": 14, "col": 9}}
0.097,{"type": "CHORD_RELEASE", "data": {"row": 14, "col": 9}}
0.012,{"type": "CHORD_CLICK", "data": {"row": 14, "col": 9}}
0.000,{"type": "CELL_REVEAL", "data": {"row": 13, "col": 9}}
0.373,{"type": "CHORD_PRESS", "data": {"row": 13, "col": 9}}
0.083,{"type": "CHORD_RELEASE", "data": {"row": 13, "col": 9}}
0.007,{"type": "CHORD_CLICK", "data": {"row": 13, "col": 9}}
0.000,{"type": "CELL_REVEAL", "data": {"row": 12, "col": 9}}
0.007,{"type": "CELL_REVEAL", "data": {"row": 12, "col": 10}}
2.196,{"type": "CHORD_PRESS", "data": {"row": 14, "col": 10}}
0.095,{"type": "CHORD_RELEASE", "data": {"row": 14, "col": 10}}
0.007,{"type": "CHORD_CLICK", "data": {"row": 14, "col": 10}}
0.000,{"type": "CELL_REVEAL", "data": {"row": 13, "col": 11}}
2.141,{"type": "TOGGLE_FLAG", "data": {"row": 13, "col": 12}}
0.332,{"type": "CHORD_PRESS", "data": {"row": 13, "col": 11}}
0.081,{"type": "CHORD_RELEASE", "data": {"row": 13, "col": 11}}
0.008,{"type": "CHORD_CLICK", "data": {"row": 13, "col": 11}}
0.000,{"type": "CELL_REVEAL", "data": {"row": 12, "col": 11}}
0.008,{"type": "CELL_REVEAL", "data": {"row": 12, "col": 12}}
3.216,{"type": "TOGGLE_FLAG", "data": {"row": 11, "col": 9}}
0.427,{"type": "TOGGLE_FLAG", "data": {"row": 11, "col": 9}}
0.617,{"type": "TOGGLE_FLAG", "data": {"row": 11, "col": 9}}
0.391,{"type": "CHORD_PRESS", "data": {"row": 12, "col": 9}}
0.095,{"type": "CHORD_RELEASE", "data": {"row": 12, "col": 9}}
0.008,{"type": "CHORD_CLICK", "data": {"row": 12, "col": 9}}
0.000,{"type": "CELL_REVEAL", "data": {"row": 11, "col": 10}}
0.580,{"type": "CHORD_PRESS", "data": {"row": 11, "col": 10}}
0.083,{"type": "CHORD_RELEASE", "data": {"row": 11, "col": 10}}
0.008,{"type": "CHORD_CLICK", "data": {"row": 11, "col": 10}}
0.001,{"type": "CELL_REVEAL", "data": {"row": 10, "col": 9}}
0.006,{"type": "CELL_REVEAL", "data": {"row": 10, "col": 10}}
0.008,{"type": "CELL_REVEAL", "data": {"row": 10, "col": 11}}
0.007,{"type": "CELL_REVEAL", "data": {"row": 11, "col": 11}}
1.226,{"type": "CHORD_PRESS", "data": {"row": 12, "col": 12}}
0.080,{"type": "CHORD_RELEASE", "data": {"row": 12, "col": 12}}
0.008,{"type": "CHORD_CLICK", "data": {"row": 12, "col": 12}}
0.000,{"type": "CELL_REVEAL", "data": {"row": 13, "col": 13}}
1.014,{"type": "CHORD_PRESS", "data": {"row": 13, "col": 13}}
0.106,{"type": "CHORD_RELEASE", "data": {"row": 13, "col": 13}}
0.006,{"type": "CHORD_CLICK", "data": {"row": 13, "col": 13}}
0.000,{"type": "CELL_REVEAL", "data": {"row": 13, "col": 14}}
0.008,{"type": "CELL_REVEAL", "data": {"row": 14, "col": 13}}
0.007,{"type": "CELL_REVEAL", "data": {"row": 14, "col": 14}}
2.655,{"type": "TOGGLE_FLAG", "data": {"row": 15, "col": 13}}
0.400,{"type": "CHORD_PRESS", "data": {"row": 14, "col": 13}}
0.084,{"type": "CHORD_RELEASE", "data": {"row": 14, "col": 13}}
0.007,{"type": "CHORD_CLICK", "data": {"row": 14, "col": 13}}
0.000,{"type": "CELL_REVEAL", "data": {"row": 15, "col": 14}}
2.634,{"type": "TOGGLE_FLAG", "data": {"row": 13, "col": 15}}
2.296,{"type": "TOGGLE_FLAG", "data": {"row": 14, "col": 15}}
0.423,{"type": "CHORD_PRESS", "data": {"row": 14, "col": 14}}
0.079,{"type": "CHORD_RELEASE", "data": {"row": 14, "col": 14}}
0.010,{"type": "CHORD_CLICK", "data": {"row": 14, "col": 14}}
0.000,{"type": "CELL_REVEAL", "data": {"row": 15, "col": 15}}
2.644,{"type": "TOGGLE_FLAG", "data": {"row": 9, "col": 7}}
0.549,{"type": "CHORD_PRESS", "data": {"row": 8, "col": 7}}
0.075,{"type": "CHORD_RELEASE", "data": {"row": 8, "col": 7}}
0.009,{"type": "CHORD_CLICK", "data": {"row": 8, "col": 7}}
0.000,{"type": "CELL_REVEAL", "data": {"row": 9, "col": 8}}
1.486,{"type": "TOGGLE_FLAG", "data": {"row": 9, "col": 9}}
0.867,{"type": "CHORD_PRESS", "data": {"row": 9, "col": 8}}
0.096,{"type": "CHORD_RELEASE", "data": {"row": 9, "col": 8}}
0.006,{"type": "CHORD_CLICK", "data": {"row": 9, "col": 8}}
0.000,{"type": "CELL_REVEAL", "data": {"row": 8, "col": 9}}
1.642,{"type": "CHORD_PRESS", "data": {"row": 10, "col": 9}}
0.098,{"type": "CHORD_RELEASE", "data": {"row": 10, "col": 9}}
0.008,{"type": "CHORD_CLICK", "data": {"row": 10, "col": 9}}
0.000,{"type": "CELL_REVEAL", "data": {"row": 9, "col": 10}}
1.613,{"type": "TOGGLE_FLAG", "data": {"row": 9, "col": 11}}
5.101,{"type": "TOGGLE_FLAG", "data": {"row": 7, "col": 9}}
0.358,{"type": "CHORD_PRESS", "data": {"row": 7, "col": 8}}
0.091,{"type": "CHORD_RELEASE", "data": {"row": 7, "col": 8}}
0.007,{"type": "CHORD_CLICK", "data": {"row": 7, "col": 8}}
0.001,{"type": "CELL_REVEAL", "data": {"row": 6, "col": 9}}
0.433,{"type": "CHORD_PRESS", "data": {"row": 6, "col": 9}}
0.094,{"type": "CHORD_RELEASE", "data": {"row": 6, "col": 9}}
0.007,{"type": "CHORD_CLICK", "data": {"row": 6, "col": 9}}
0.000,{"type": "CELL_REVEAL", "data": {"row": 5, "col": 8}}
0.008,{"type": "CELL_REVEAL", "data": {"row": 5, "col": 9}}
0.007,{"type": "CELL_REVEAL", "data": {"row": 5, "col": 10}}
0.009,{"type": "CELL_REVEAL", "data": {"row": 6, "col": 10}}
0.008,{"type": "CELL_REVEAL", "data": {"row": 7, "col": 10}}
1.445,{"type": "TOGGLE_FLAG", "data": {"row": 5, "col": 7}}
0.696,{"type": "CHORD_PRESS", "data": {"row": 6, "col": 7}}
0.099,{"type": "CHORD_RELEASE", "data": {"row": 6, "col": 7}}
0.007,{"type": "CHORD_CLICK", "data": {"row": 6, "col": 7}}
0.000,{"type": "CELL_REVEAL", "data": {"row": 5, "col": 6}}
0.259,{"type": "CHORD_PRESS", "data": {"row": 5, "col": 6}}
0.067,{"type": "CHORD_RELEASE", "data": {"row": 5, "col": 6}}
0.006,{"type": "CHORD_CLICK", "data": {"row": 5, "col": 6}}
0.000,{"type": "CELL_REVEAL", "data": {"row": 4, "col": 5}}
0.008,{"type": "CELL_REVEAL", "data": {"row": 4, "col": 6}}
0.007,{"type": "CELL_REVEAL", "data": {"row": 4, "col": 7}}
0.011,{"type": "CELL_REVEAL", "data": {"row": 5, "col": 5}}
1.050,{"type": "TOGGLE_FLAG", "data": {"row": 6, "col": 4}}
8.593,{"type": "CHORD_PRESS", "data": {"row": 4, "col": 7}}
0.074,{"type": "CHORD_RELEASE", "data": {"row": 4, "col": 7}}
0.007,{"type": "CHORD_CLICK", "data": {"row": 4, "col": 7}}
0.000,{"type": "CELL_REVEAL", "data": {"row": 3, "col": 6}}
2.386,{"type": "CHORD_PRESS", "data": {"row": 5, "col": 8}}
0.099,{"type": "CHORD_RELEASE", "data": {"row": 5, "col": 8}}
0.012,{"type": "CHORD_CLICK", "data": {"row": 5, "col": 8}}
0.000,{"type": "CELL_REVEAL", "data": {"row": 4, "col": 9}}
1.230,{"type": "TOGGLE_FLAG", "data": {"row": 3, "col": 9}}
0.316,{"type": "CHORD_PRESS", "data": {"row": 3, "col": 8}}
0.086,{"type": "CHORD_RELEASE", "data": {"row": 3, "col": 8}}
0.006,{"type": "CHORD_CLICK", "data": {"row": 3, "col": 8}}
0.001,{"type": "CELL_REVEAL", "data": {"row": 2, "col": 9}}
1.892,{"type": "TOGGLE_FLAG", "data": {"row": 4, "col": 10}}
0.639,{"type": "CHORD_PRESS", "data": {"row": 5, "col": 10}}
0.093,{"type": "CHORD_RELEASE", "data": {"row": 5, "col": 10}}
0.007,{"type": "CHORD_CLICK", "data": {"row": 5, "col": 10}}
0.000,{"type": "CELL_REVEAL", "data": {"row": 4, "col": 11}}
0.007,{"type": "CELL_REVEAL", "data": {"row": 5, "col": 11}}
0.007,{"type": "CELL_REVEAL", "data": {"row": 6, "col": 11}}
1.976,{"type": "CHORD_PRESS", "data": {"row": 5, "col": 11}}
0.102,{"type": "CHORD_RELEASE", "data": {"row": 5, "col": 11}}
0.007,{"type": "CHORD_CLICK", "data": {"row": 5, "col": 11}}
0.000,{"type": "CELL_REVEAL", "data": {"row": 4, "col": 12}}
1.306,{"type": "CHORD_PRESS", "data": {"row": 4, "col": 11}}
0.051,{"type": "CHORD_RELEASE", "data": {"row": 4, "col": 11}}
0.007,{"type": "CHORD_CLICK", "data": {"row": 4, "col": 11}}
0.000,{"type": "CELL_REVEAL", "data": {"row": 3, "col": 10}}
1.370,{"type": "TOGGLE_FLAG", "data": {"row": 2, "col": 10}}
1.705,{"type": "TOGGLE_FLAG", "data": {"row": 1, "col": 9}}
0.384,{"type": "CHORD_PRESS", "data": {"row": 1, "col": 10}}
0.069,{"type": "CHORD_RELEASE", "data": {"row": 1, "col": 10}}
0.006,{"type": "CHORD_CLICK", "data": {"row": 1, "col": 10}}
0.000,{"type": "CELL_REVEAL", "data": {"row": 0, "col": 9}}
0.916,{"type": "TOGGLE_FLAG", "data": {"row": 0, "col": 14}}
0.341,{"type": "CHORD_PRESS", "data": {"row": 1, "col": 15}}
0.094,{"type": "CHORD_RELEASE", "data": {"row": 1, "col": 15}}
0.007,{"type": "CHORD_CLICK", "data": {"row": 1, "col": 15}}
0.000,{"type": "CELL_REVEAL", "data": {"row": 0, "col": 15}}
0.611,{"type": "TOGGLE_FLAG", "data": {"row": 4, "col": 15}}
0.266,{"type": "CHORD_PRESS", "data": {"row": 4, "col": 14}}
0.090,{"type": "CHORD_RELEASE", "data": {"row": 4, "col": 14}}
0.008,{"type": "CHORD_CLICK", "data": {"row": 4, "col": 14}}
0.000,{"type": "CELL_REVEAL", "data": {"row": 5, "col": 15}}
0.783,{"type": "CHORD_PRESS", "data": {"row": 5, "col": 15}}
0.096,{"type": "CHORD_RELEASE", "data": {"row": 5, "col": 15}}
0.006,{"type": "CHORD_CLICK", "data": {"row": 5, "col": 15}}
0.000,{"type": "CELL_REVEAL", "data": {"row": 6, "col": 14}}
0.008,{"type": "CELL_REVEAL", "data": {"row": 6, "col": 15}}
0.963,{"type": "TOGGLE_FLAG", "data": {"row": 6, "col": 13}}
0.276,{"type": "CHORD_PRESS", "data": {"row": 6, "col": 14}}
0.086,{"type": "CHORD_RELEASE", "data": {"row": 6, "col": 14}}
0.007,{"type": "CHORD_CLICK", "data": {"row": 6, "col": 14}}
0.001,{"type": "CELL_REVEAL", "data": {"row": 7, "col": 13}}
1.814,{"type": "TOGGLE_FLAG", "data": {"row": 8, "col": 13}}
0.992,{"type": "TOGGLE_FLAG", "data": {"row": 8, "col": 12}}
0.558,{"type": "CHORD_PRESS", "data": {"row": 7, "col": 12}}
0.092,{"type": "CHORD_RELEASE", "data": {"row": 7, "col": 12}}
0.007,{"type": "CHORD_CLICK", "data": {"row": 7, "col": 12}}
0.000,{"type": "CELL_REVEAL", "data": {"row": 8, "col": 11}}
3.183,{"type": "TOGGLE_FLAG", "data": {"row": 8, "col": 10}}
2.455,{"type": "TOGGLE_FLAG", "data": {"row": 9, "col": 12}}
3.859,{"type": "CHORD_PRESS", "data": {"row": 10, "col": 12}}
0.101,{"type": "CHORD_RELEASE", "data": {"row": 10, "col": 12}}
0.006,{"type": "CHORD_CLICK", "data": {"row": 10, "col": 12}}
0.000,{"type": "CELL_REVEAL", "data": {"row": 9, "col": 13}}
1.488,{"type": "TOGGLE_FLAG", "data": {"row": 9, "col": 14}}
1.624,{"type": "TOGGLE_FLAG", "data": {"row": 9, "col": 15}}
3.716,{"type": "TOGGLE_FLAG", "data": {"row": 5, "col": 4}}
0.329,{"type": "CHORD_PRESS", "data": {"row": 5, "col": 5}}
0.103,{"type": "CHORD_RELEASE", "data": {"row": 5, "col": 5}}
0.007,{"type": "CHORD_CLICK", "data": {"row": 5, "col": 5}}
0.000,{"type": "CELL_REVEAL", "data": {"row": 4, "col": 4}}
1.171,{"type": "TOGGLE_FLAG", "data": {"row": 6, "col": 3}}
0.361,{"type": "CHORD_PRESS", "data": {"row": 7, "col": 3}}
0.127,{"type": "CHORD_RELEASE", "data": {"row": 7, "col": 3}}
0.008,{"type": "CHORD_CLICK", "data": {"row": 7, "col": 3}}
0.000,{"type": "CELL_REVEAL", "data": {"row": 6, "col": 2}}
1.120,{"type": "CHORD_PRESS", "data": {"row": 7, "col": 2}}
0.111,{"type": "CHORD_RELEASE", "data": {"row": 7, "col": 2}}
0.007,{"type": "CHORD_CLICK", "data": {"row": 7, "col": 2}}
0.000,{"type": "CELL_REVEAL", "data": {"row": 6, "col": 1}}
1.555,{"type": "TOGGLE_FLAG", "data": {"row": 6, "col": 0}}
5.680,{"type": "IMAGE", "data": {"image_path": "shock"}}
3.335,{"type": "CHORD_PRESS", "data": {"row": 4, "col": 5}}
0.057,{"type": "CHORD_RELEASE", "data": {"row": 4, "col": 5}}
0.007,{"type": "CHORD_CLICK", "data": {"row": 4, "col": 5}}
0.000,{"type": "CELL_REVEAL", "data": {"row": 3, "col": 4}}
2.090,{"type": "TOGGLE_FLAG", "data": {"row": 2, "col": 4}}
0.288,{"type": "CHORD_PRESS", "data": {"row": 2, "col": 5}}
0.103,{"type": "CHORD_RELEASE", "data": {"row": 2, "col": 5}}
0.007,{"type": "CHORD_CLICK", "data": {"row": 2, "col": 5}}
0.001,{"type": "CELL_REVEAL", "data": {"row": 1, "col": 4}}
1.272,{"type": "TOGGLE_FLAG", "data": {"row": 0, "col": 4}}
0.254,{"type": "CHORD_PRESS", "data": {"row": 1, "col": 4}}
0.101,{"type": "CHORD_RELEASE", "data": {"row": 1, "col": 4}}
0.006,{"type": "CHORD_CLICK", "data": {"row": 1, "col": 4}}
0.000,{"type": "CELL_REVEAL", "data": {"row": 0, "col": 3}}
0.008,{"type": "CELL_REVEAL", "data": {"row": 1, "col": 3}}
0.007,{"type": "CELL_REVEAL", "data": {"row": 2, "col": 3}}
3.366,{"type": "CHORD_PRESS", "data": {"row": 0, "col": 3}}
0.078,{"type": "CHORD_RELEASE", "data": {"row": 0, "col": 3}}
0.009,{"type": "CHORD_CLICK", "data": {"row": 0, "col": 3}}
0.000,{"type": "CELL_REVEAL", "data": {"row": 0, "col": 2}}
1.578,{"type": "TOGGLE_FLAG", "data": {"row": 2, "col": 2}}
2.967,{"type": "TOGGLE_FLAG", "data": {"row": 3, "col": 2}}
0.347,{"type": "CHORD_PRESS", "data": {"row": 3, "col": 1}}
0.082,{"type": "CHORD_RELEASE", "data": {"row": 3, "col": 1}}
0.007,{"type": "CHORD_CLICK", "data": {"row": 3, "col": 1}}
0.000,{"type": "CELL_REVEAL", "data": {"row": 4, "col": 2}}
3.000,{"type": "IMAGE", "data": {"image_path": "doubt"}}
4.853,{"type": "TOGGLE_FLAG", "data": {"row": 3, "col": 3}}
0.299,{"type": "CHORD_PRESS", "data": {"row": 3, "col": 4}}
0.096,{"type": "CHORD_RELEASE", "data": {"row": 3, "col": 4}}
0.007,{"type": "CHORD_CLICK", "data": {"row": 3, "col": 4}}
0.000,{"type": "CELL_REVEAL", "data": {"row": 4, "col": 3}}
0.332,{"type": "CHORD_PRESS", "data": {"row": 4, "col": 3}}
0.094,{"type": "CHORD_RELEASE", "data": {"row": 4, "col": 3}}
0.007,{"type": "CHORD_CLICK", "data": {"row": 4, "col": 3}}
0.000,{"type": "CELL_REVEAL", "data": {"row": 5, "col": 2}}
0.012,{"type": "CELL_REVEAL", "data": {"row": 5, "col": 3}}
2.146,{"type": "TOGGLE_FLAG", "data": {"row": 5, "col": 1}}
0.581,{"type": "CHORD_PRESS", "data": {"row": 4, "col": 1}}
0.088,{"type": "CHORD_RELEASE", "data": {"row": 4, "col": 1}}
0.006,{"type": "CHORD_CLICK", "data": {"row": 4, "col": 1}}
0.000,{"type": "CELL_REVEAL", "data": {"row": 5, "col": 0}}
0.009,{"type": "GAME_COMPLETE", "data": {"result": " \u5c0d\u65b9\u5b8c\u6210\u4e86!"}}
3.000,{"type": "IMAGE", "data": {"image_path": "happy"}}
