0.709,{"type": "FIRST_CELL_REVEAL", "data": {"row": 4, "col": 4, "seed": 1967888143}}
0.255,{"type": "CELL_REVEAL", "data": {"row": 4, "col": 4}}
0.016,{"type": "TOGGLE_FLAG", "data": {"row": 4, "col": 6}}
0.641,{"type": "TOGGLE_FLAG", "data": {"row": 1, "col": 8}}
0.528,{"type": "TOGGLE_FLAG", "data": {"row": 1, "col": 8}}
0.140,{"type": "TOGGLE_FLAG", "data": {"row": 1, "col": 8}}
0.378,{"type": "TOGGLE_FLAG", "data": {"row": 0, "col": 7}}
1.012,{"type": "CHORD_PRESS", "data": {"row": 1, "col": 7}}
0.481,{"type": "CHORD_RELEASE", "data": {"row": 1, "col": 7}}
0.108,{"type": "CHORD_CLICK", "data": {"row": 1, "col": 7}}
0.015,{"type": "CELL_REVEAL", "data": {"row": 0, "col": 8}}
0.016,{"type": "TOGGLE_FLAG", "data": {"row": 1, "col": 3}}
0.852,{"type": "CHORD_PRESS", "data": {"row": 2, "col": 3}}
0.248,{"type": "CHORD_RELEASE", "data": {"row": 2, "col": 3}}
0.093,{"type": "CHORD_CLICK", "data": {"row": 2, "col": 3}}
0.015,{"type": "CELL_REVEAL", "data": {"row": 1, "col": 2}}
0.001,{"type": "CHORD_PRESS", "data": {"row": 1, "col": 2}}
0.200,{"type": "CHORD_RELEASE", "data": {"row": 1, "col": 2}}
0.108,{"type": "CHORD_CLICK", "data": {"row": 1, "col": 2}}
0.015,{"type": "CELL_REVEAL", "data": {"row": 0, "col": 1}}
0.000,{"type": "CELL_REVEAL", "data": {"row": 0, "col": 3}}
0.016,{"type": "CELL_REVEAL", "data": {"row": 2, "col": 1}}
0.015,{"type": "TOGGLE_FLAG", "data": {"row": 2, "col": 0}}
0.982,{"type": "CHORD_PRESS", "data": {"row": 2, "col": 1}}
0.232,{"type": "CHORD_RELEASE", "data": {"row": 2, "col": 1}}
0.108,{"type": "CHORD_CLICK", "data": {"row": 2, "col": 1}}
0.015,{"type": "CELL_REVEAL", "data": {"row": 3, "col": 0}}
0.016,{"type": "CELL_REVEAL", "data": {"row": 3, "col": 1}}
0.016,{"type": "TOGGLE_FLAG", "data": {"row": 4, "col": 1}}
0.701,{"type": "CHORD_PRESS", "data": {"row": 3, "col": 1}}
0.422,{"type": "CHORD_RELEASE", "data": {"row": 3, "col": 1}}
0.093,{"type": "CHORD_CLICK", "data": {"row": 3, "col": 1}}
0.016,{"type": "CELL_REVEAL", "data": {"row": 4, "col": 0}}
0.016,{"type": "TOGGLE_FLAG", "data": {"row": 8, "col": 3}}
3.195,{"type": "CHORD_PRESS", "data": {"row": 7, "col": 2}}
0.296,{"type": "CHORD_RELEASE", "data": {"row": 7, "col": 2}}
0.110,{"type": "CHORD_CLICK", "data": {"row": 7, "col": 2}}
0.016,{"type": "CELL_REVEAL", "data": {"row": 8, "col": 1}}
0.016,{"type": "CELL_REVEAL", "data": {"row": 8, "col": 2}}
0.016,{"type": "TOGGLE_FLAG", "data": {"row": 5, "col": 0}}
3.575,{"type": "CHORD_PRESS", "data": {"row": 5, "col": 1}}
1.214,{"type": "CHORD_RELEASE", "data": {"row": 5, "col": 1}}
0.108,{"type": "CHORD_CLICK", "data": {"row": 5, "col": 1}}
0.016,{"type": "CELL_REVEAL", "data": {"row": 6, "col": 0}}
0.000,{"type": "TOGGLE_FLAG", "data": {"row": 7, "col": 0}}
0.902,{"type": "CHORD_PRESS", "data": {"row": 7, "col": 1}}
0.341,{"type": "CHORD_RELEASE", "data": {"row": 7, "col": 1}}
0.094,{"type": "CHORD_CLICK", "data": {"row": 7, "col": 1}}
0.015,{"type": "CELL_REVEAL", "data": {"row": 8, "col": 0}}
0.015,{"type": "TOGGLE_FLAG", "data": {"row": 8, "col": 7}}
0.904,{"type": "CHORD_PRESS", "data": {"row": 7, "col": 8}}
0.262,{"type": "CHORD_RELEASE", "data": {"row": 7, "col": 8}}
0.108,{"type": "CHORD_CLICK", "data": {"row": 7, "col": 8}}
0.016,{"type": "CELL_REVEAL", "data": {"row": 8, "col": 8}}
0.016,{"type": "GAME_COMPLETE", "data": {"result": " \u5c0d\u65b9\u5b8c\u6210\u4e86!"}}
